{"level":"info","message":"Exporting content from branch main"}
{"level":"info","message":"Started to export content, version is 2"}
{"level":"info","message":"Starting export of stack module"}
{"level":"info","message":"Starting export of assets module"}
{"level":"info","message":"Batch No. 1 of assets folders is complete."}
{"level":"info","message":"Batch No. 1 of assets is complete."}
{"level":"info","message":"Assets folder Exported successfully.!"}
{"level":"info","message":"Assets metadata exported successfully.!"}
{"level":"info","message":"Downloaded Jane_Austen_Headshot.jpg: blt45b4b988e08f715b successfully!"}
{"level":"info","message":"Downloaded bucket2.svg: blt901697d2224cd3a2 successfully!"}
{"level":"info","message":"Downloaded facebook.svg: blt5e032c6d03d60aef successfully!"}
{"level":"info","message":"Downloaded cloud-computing.svg: blt8d9e45e6ca1e2026 successfully!"}
{"level":"info","message":"Downloaded map-of-brimingham-city.svg: blt01aadf0ed8dca3f8 successfully!"}
{"level":"info","message":"Batch No. 1 of assets download is complete."}
{"level":"info","message":"Downloaded Icon_Artwork_1.svg: blte44c891b769023f3 successfully!"}
{"level":"info","message":"Downloaded bucket1.svg: blt41eeb26250281a37 successfully!"}
{"level":"info","message":"Downloaded Icon_Artwork_2.svg: bltaaae03e1f54afe81 successfully!"}
{"level":"info","message":"Downloaded Instagram.svg: blt7a8657320c369eae successfully!"}
{"level":"info","message":"Downloaded ben.jpeg: blt3580ef7c08fa17ba successfully!"}
{"level":"info","message":"Batch No. 2 of assets download is complete."}
{"level":"info","message":"Downloaded artificial-intelligence.svg: blte3f44aacce9fe86d successfully!"}
{"level":"info","message":"Downloaded bucket3.svg: bltcbf8147175d8ff73 successfully!"}
{"level":"info","message":"Downloaded headless-cms-solution.svg: bltefc10b817856c2b1 successfully!"}
{"level":"info","message":"Downloaded Twitter.svg: bltbcaa84063f8aa1f3 successfully!"}
{"level":"info","message":"Downloaded winning-digital-strategy.svg: blt7bd5bb332f775e48 successfully!"}
{"level":"info","message":"Batch No. 3 of assets download is complete."}
{"level":"info","message":"Downloaded data-mining.svg: blt4e68fa48f0fd063e successfully!"}
{"level":"info","message":"Downloaded security.svg: bltd5ff7b8fd12bb476 successfully!"}
{"level":"info","message":"Downloaded modern-cloud-ecosystem.svg: blt54f2d0e7677e6ab3 successfully!"}
{"level":"info","message":"Downloaded Charlotte_Bronte_Headshot.png: blt5e34d11d7b99e6e4 successfully!"}
{"level":"info","message":"Downloaded help-for-the-next-step.svg: blt07473da641ca6963 successfully!"}
{"level":"info","message":"Batch No. 4 of assets download is complete."}
{"level":"info","message":"Downloaded company-logo.svg: blt39af98ae618f5fcc successfully!"}
{"level":"info","message":"Downloaded Charles_Dickens_Headshot.jpg: blt700454563862acf0 successfully!"}
{"level":"info","message":"Downloaded W._E._B._Du_Bois_Headshot.jpg: blt7d6412ea0f1b1687 successfully!"}
{"level":"info","message":"Downloaded Mark_Twain_Headshot.jpg: blta5141874cb04bdda successfully!"}
{"level":"info","message":"Downloaded our-story.svg: blt969a39aa0295f2c9 successfully!"}
{"level":"info","message":"Batch No. 5 of assets download is complete."}
{"level":"info","message":"Downloaded traditional-decoupled-_headless-cms.svg: blt6e3d0f15986a8078 successfully!"}
{"level":"info","message":"Downloaded Zora_Neale_Hurston_Headshot.jpg: blte17d17b3f347465b successfully!"}
{"level":"info","message":"Downloaded thomas-crane.svg: bltad70ddaaf4156bc3 successfully!"}
{"level":"info","message":"Downloaded about-us.svg: blte2381252ca030edc successfully!"}
{"level":"info","message":"Downloaded cierra-vega.svg: blt4d7f0f2ea38e35fd successfully!"}
{"level":"info","message":"Batch No. 6 of assets download is complete."}
{"level":"info","message":"Downloaded business-with-al.svg: blt86a38f21424b298e successfully!"}
{"level":"info","message":"Downloaded Maya_Angelou_Headshot.jpg: blt70716cf83fd5b472 successfully!"}
{"level":"info","message":"Downloaded AlbertEinstein.jpeg: bltd6efc73241319d91 successfully!"}
{"level":"info","message":"Downloaded alden-cantrell.svg: blt7018ac2e7f839521 successfully!"}
{"level":"info","message":"Downloaded pierre-cox.svg: blt05199a8d5c979a32 successfully!"}
{"level":"info","message":"Batch No. 7 of assets download is complete."}
{"level":"info","message":"Downloaded Amazon_App_Store.png: blt6202fe054bb9e2ef successfully!"}
{"level":"info","message":"Downloaded Virginia_Woolf_Headshot.jpg: blt9b063bbc359a3f35 successfully!"}
{"level":"info","message":"Downloaded Apple_Store.png: bltafd637dd50ec92e8 successfully!"}
{"level":"info","message":"Downloaded CorpBrandLogo.png: blta6c6d4d3d53b1b97 successfully!"}
{"level":"info","message":"Downloaded Google_Play.png: blt5d84fab96d1443cd successfully!"}
{"level":"info","message":"Batch No. 8 of assets download is complete."}
{"level":"info","message":"Downloaded PhoneCall.png: blt4e89245b31fc58b9 successfully!"}
{"level":"info","message":"Downloaded CircleHelp.png: blte94a0e9944636552 successfully!"}
{"level":"info","message":"Downloaded Search_(2).png: bltf19ee555bde05eae successfully!"}
{"level":"info","message":"Downloaded AI_in_Healthcare.jpg: blte1a61e04702df869 successfully!"}
{"level":"info","message":"Downloaded PageTitleBannerImage.jpg: blta49c012bd5fc5e87 successfully!"}
{"level":"info","message":"Batch No. 9 of assets download is complete."}
{"level":"info","message":"Downloaded Digital_Trust.jpg: blt3afef1e3ad1cad4d successfully!"}
{"level":"info","message":"Downloaded Health_Analytics.jpg: bltf6f8571e99784c7e successfully!"}
{"level":"info","message":"Downloaded Virtual_First.jpg: bltafa13d43c6dc9706 successfully!"}
{"level":"info","message":"Downloaded Our_Solutions.png: blt69d2934f7fc83a09 successfully!"}
{"level":"info","message":"Downloaded HomePage_Banner.png: bltc72c085c547a5494 successfully!"}
{"level":"info","message":"Batch No. 10 of assets download is complete."}
{"level":"info","message":"Downloaded Person_holding_stuff.png: blt73fda75686148396 successfully!"}
{"level":"info","message":"Downloaded Resources.png: blt05dd86ccc82430f0 successfully!"}
{"level":"info","message":"Downloaded about_us.png: blt50034c759da23fdc successfully!"}
{"level":"info","message":"Downloaded AboutUs-Hands.png: blte1ecee094d39a08d successfully!"}
{"level":"info","message":"Batch No. 11 of assets download is complete."}
{"level":"info","message":"Assets download completed successfully.!"}
{"level":"info","message":"Assets exported successfully.!"}
{"level":"info","message":"Starting export of locales module"}
{"level":"info","message":"Starting locale export"}
{"level":"info","message":"Completed locale export"}
{"level":"info","message":"Starting export of environments module"}
{"level":"info","message":"Starting environment export"}
{"level":"info","message":"'development' environment was exported successfully"}
{"level":"info","message":"'production' environment was exported successfully"}
{"level":"info","message":"'preview' environment was exported successfully"}
{"level":"info","message":"All the environments have been exported successfully!"}
{"level":"info","message":"Starting export of extensions module"}
{"level":"info","message":"Starting extension export"}
{"level":"info","message":"'Color Picker' extension was exported successfully"}
{"level":"info","message":"'Ace Editor' extension was exported successfully"}
{"level":"info","message":"All the extensions have been exported successfully!"}
{"level":"info","message":"Starting export of webhooks module"}
{"level":"info","message":"Starting webhooks export"}
{"level":"info","message":"No webhooks found"}
{"level":"info","message":"Starting export of taxonomies module"}
{"level":"info","message":"Starting taxonomies export"}
{"level":"info","message":"No taxonomies found!"}
{"level":"info","message":"Starting export of global-fields module"}
{"level":"info","message":"Starting global fields export"}
{"level":"info","message":"Completed global fields export"}
{"level":"info","message":"Starting export of content-types module"}
{"level":"info","message":"Starting content type export"}
{"level":"info","message":"Content type(s) exported successfully"}
{"level":"info","message":"Starting export of custom-roles module"}
{"level":"info","message":"Starting custom roles export"}
{"level":"info","message":"No custom roles were found in the Stack"}
{"level":"info","message":"Starting export of workflows module"}
{"level":"info","message":"Starting workflows export"}
{"level":"info","message":"No workflows found"}
{"level":"info","message":"Starting export of personalize module"}
{"level":"info","message":"Starting projects export"}
{"level":"info","message":"No Personalize Project connected with the given stack"}
{"level":"info","message":"Starting export of entries module"}
{"level":"info","message":"Starting entries export"}
{"level":"info","message":"Exported entries of type 'footer' locale 'en-us'"}
{"level":"info","message":"Exported entries of type 'header' locale 'en-us'"}
{"level":"info","message":"Exported entries of type 'page' locale 'en-us'"}
{"level":"info","message":"Entries exported successfully"}
{"level":"info","message":"Starting export of labels module"}
{"level":"info","message":"Starting labels export"}
{"level":"info","message":"'pages' label was exported successfully"}
{"level":"info","message":"All the labels have been exported successfully!"}
{"level":"info","message":"Starting export of marketplace-apps module"}
{"level":"info","message":"Starting marketplace app export"}
{"level":"info","message":"No marketplace apps found"}
{"level":"info","message":"The content of branch main has been exported successfully!"}
{"level":"info","message":"The content of the stack blt33c1b1e577f25486 has been exported successfully!"}
{"level":"info","message":"The log has been stored at 'C:\\projects\\contentstack\\FastLane\\stack\\logs\\export'"}
